
> sdm-virtuel@0.1.0 build
> next build

Ôû▓ Next.js 16.1.6 (Turbopack)
- Environments: .env

node.exe : ÔÜá The 
"middleware" file 
convention is 
deprecated. Please use 
"proxy" instead. Learn 
more: https://nextjs.or
g/docs/messages/middlew
are-to-proxy
At C:\Users\ULTRA PC\Ap
pData\Local\fnm_multish
ells\31492_177322015323
5\npm.ps1:16 char:5
+     & 
"$basedir/node$exe"  "$
basedir/node_modules/np
m/bin/npm-cli.js" ...
+     ~~~~~~~~~~~~~~~~~
~~~~~~~~~~~~~~~~~~~~~~~
~~~~~~~~~~~~~~~~~~~~~~~
~~
    + CategoryInfo     
         : NotSpecifi  
  ed: (ÔÜá The "midd   
 le...leware-to-pro    
xy:String) [], Rem    
oteException
    + FullyQualifiedEr 
   rorId : NativeComm  
  andError
 
  Creating an optimized production build ...

> Build error occurred
Error: Turbopack build 
failed with 1 errors:
./src/actions/contact.t
s:3:1
Module not found: 
Can't resolve 
'nodemailer'
[0m [90m 1 |[39m 
[32m"use 
server"[39m[33m;[39m
 [90m 2 |[39m
[31m[1m>[22m[39m[9
0m 3 |[39m 
[36mimport[39m 
nodemailer 
[36mfrom[39m [32m"no
demailer"[39m[33m;[3
9m
 [90m   |[39m [31m[
1m^[22m[39m[31m[1m^
[22m[39m[31m[1m^[2
2m[39m[31m[1m^[22m
[39m[31m[1m^[22m[39
m[31m[1m^[22m[39m[
31m[1m^[22m[39m[31m
[1m^[22m[39m[31m[1
m^[22m[39m[31m[1m^
[22m[39m[31m[1m^[22
m[39m[31m[1m^[22m[
39m[31m[1m^[22m[39m
[31m[1m^[22m[39m[3
1m[1m^[22m[39m[31m
[1m^[22m[39m[31m[1m
^[22m[39m[31m[1m^[
22m[39m[31m[1m^[22m
[39m[31m[1m^[22m[3
9m[31m[1m^[22m[39m
[31m[1m^[22m[39m[31
m[1m^[22m[39m[31m[
1m^[22m[39m[31m[1m^
[22m[39m[31m[1m^[2
2m[39m[31m[1m^[22m
[39m[31m[1m^[22m[39
m[31m[1m^[22m[39m[
31m[1m^[22m[39m[31m
[1m^[22m[39m[31m[1
m^[22m[39m[31m[1m^
[22m[39m[31m[1m^[22
m[39m[31m[1m^[22m[
39m[31m[1m^[22m[39m
 [90m 4 |[39m
 [90m 5 |[39m 
[36minterface[39m [3
3mBankRequestData[39m 
{
 [90m 6 |[39m     
firstName[33m:[39m 
string[33m;[39m[0m



https://nextjs.org/docs
/messages/module-not-fo
und


    at <unknown> (./src
/actions/contact.ts:3:1
)
    at <unknown> (https
://nextjs.org/docs/mess
ages/module-not-found)
